// Jest Snapshot v1, https://goo.gl/fbAQLP

exports[`renders 1`] = `
<div
  className="app"
>
  <div
    className="person"
  >
    <h1>
      Person: 
    </h1>
  </div>
</div>
`;
